[duruthemes.com/demo/html/ovon/multipage-parallax/index.html]
[backblue.gif]
[fade.gif]
[index.html]
[duruthemes.com/demo/html/ovon/multipage-parallax/img/favicon.png]
[duruthemes.com/demo/html/ovon/multipage-parallax/css/animate.css]
[duruthemes.com/demo/html/ovon/multipage-parallax/css/themify-icons.css]
[duruthemes.com/demo/html/ovon/multipage-parallax/css/flaticon.css]
[duruthemes.com/demo/html/ovon/multipage-parallax/css/bootstrap.min.css]
[duruthemes.com/demo/html/ovon/multipage-parallax/css/magnific-popup.css]
[duruthemes.com/demo/html/ovon/multipage-parallax/css/owl.carousel.css]
[duruthemes.com/demo/html/ovon/multipage-parallax/css/owl.theme.default.min.css]
[duruthemes.com/demo/html/ovon/multipage-parallax/css/style.css]
[duruthemes.com/demo/html/ovon/multipage-parallax/img/logo-dark.png]
[duruthemes.com/demo/html/ovon/multipage-parallax/about.html]
[duruthemes.com/demo/html/ovon/multipage-parallax/services.html]
[duruthemes.com/demo/html/ovon/multipage-parallax/portfolio.html]
[duruthemes.com/demo/html/ovon/multipage-parallax/team.html]
[duruthemes.com/demo/html/ovon/multipage-parallax/pricing.html]
[duruthemes.com/demo/html/ovon/multipage-parallax/eye-makeup.html]
[duruthemes.com/demo/html/ovon/multipage-parallax/post.html]
[duruthemes.com/demo/html/ovon/multipage-parallax/404.html]
[duruthemes.com/demo/html/ovon/multipage-parallax/coming-soon.html]
[duruthemes.com/demo/html/ovon/multipage-parallax/blog.html]
[duruthemes.com/demo/html/ovon/multipage-parallax/contact.html]
[duruthemes.com/demo/html/ovon/multipage-parallax/img/slider.jpg]
[duruthemes.com/demo/html/ovon/multipage-parallax/img/about.jpg]
[duruthemes.com/demo/html/ovon/multipage-parallax/img/signature.png]
[duruthemes.com/demo/html/ovon/multipage-parallax/img/awards/1.jpg]
[duruthemes.com/demo/html/ovon/multipage-parallax/img/awards/2.jpg]
[duruthemes.com/demo/html/ovon/multipage-parallax/img/awards/3.jpg]
[duruthemes.com/demo/html/ovon/multipage-parallax/img/awards/4.jpg]
[duruthemes.com/demo/html/ovon/multipage-parallax/img/awards/5.jpg]
[duruthemes.com/demo/html/ovon/multipage-parallax/img/services/s7.jpg]
[duruthemes.com/demo/html/ovon/multipage-parallax/img/services/s1.png]
[duruthemes.com/demo/html/ovon/multipage-parallax/hair-makeup.html]
[duruthemes.com/demo/html/ovon/multipage-parallax/img/services/s8.jpg]
[duruthemes.com/demo/html/ovon/multipage-parallax/face-makeup.html]
[duruthemes.com/demo/html/ovon/multipage-parallax/img/services/s3.jpg]
[duruthemes.com/demo/html/ovon/multipage-parallax/bridal-makeup.html]
[duruthemes.com/demo/html/ovon/multipage-parallax/img/services/s4.jpg]
[duruthemes.com/demo/html/ovon/multipage-parallax/child-face-painting.html]
[duruthemes.com/demo/html/ovon/multipage-parallax/img/services/s2.jpg]
[duruthemes.com/demo/html/ovon/multipage-parallax/fashion-makeup.html]
[duruthemes.com/demo/html/ovon/multipage-parallax/img/services/s5.jpg]
[duruthemes.com/demo/html/ovon/multipage-parallax/fantastic-makeup.html]
[duruthemes.com/demo/html/ovon/multipage-parallax/img/services/s6.jpg]
[duruthemes.com/demo/html/ovon/multipage-parallax/effect-makeup.html]
[duruthemes.com/demo/html/ovon/multipage-parallax/img/banner2.jpg]
[duruthemes.com/demo/html/ovon/multipage-parallax/img/portfolio/p1.png]
[duruthemes.com/demo/html/ovon/multipage-parallax/img/portfolio/p2.png]
[duruthemes.com/demo/html/ovon/multipage-parallax/img/portfolio/p3.jpg]
[duruthemes.com/demo/html/ovon/multipage-parallax/img/portfolio/p4.jpg]
[duruthemes.com/demo/html/ovon/multipage-parallax/img/portfolio/p5.jpg]
[duruthemes.com/demo/html/ovon/multipage-parallax/img/portfolio/p6.jpg]
[duruthemes.com/demo/html/ovon/multipage-parallax/img/portfolio/p7.jpg]
[duruthemes.com/demo/html/ovon/multipage-parallax/img/portfolio/p8.jpg]
[duruthemes.com/demo/html/ovon/multipage-parallax/img/portfolio/p9.jpg]
[duruthemes.com/demo/html/ovon/multipage-parallax/img/banner.jpg]
[duruthemes.com/demo/html/ovon/multipage-parallax/img/blog/1.jpg]
[duruthemes.com/demo/html/ovon/multipage-parallax/post2.html]
[duruthemes.com/demo/html/ovon/multipage-parallax/img/blog/2.jpg]
[duruthemes.com/demo/html/ovon/multipage-parallax/post3.html]
[duruthemes.com/demo/html/ovon/multipage-parallax/img/blog/3.jpg]
[duruthemes.com/demo/html/ovon/multipage-parallax/post4.html]
[duruthemes.com/demo/html/ovon/multipage-parallax/img/blog/4.jpg]
[duruthemes.com/demo/html/ovon/multipage-parallax/post5.html]
[duruthemes.com/demo/html/ovon/multipage-parallax/img/blog/5.jpg]
[duruthemes.com/demo/html/ovon/multipage-parallax/post6.html]
[duruthemes.com/demo/html/ovon/multipage-parallax/img/blog/6.jpg]
[duruthemes.com/demo/html/ovon/multipage-parallax/js/jquery-1.12.4.min.js]
[duruthemes.com/demo/html/ovon/multipage-parallax/js/modernizr-2.6.2.min.js]
[duruthemes.com/demo/html/ovon/multipage-parallax/js/bootstrap.min.js]
[duruthemes.com/demo/html/ovon/multipage-parallax/js/jquery.waypoints.min.js]
[duruthemes.com/demo/html/ovon/multipage-parallax/js/scrollIt.min.js]
[duruthemes.com/demo/html/ovon/multipage-parallax/js/imagesloaded.pkgd.min.js]
[duruthemes.com/demo/html/ovon/multipage-parallax/js/owl.carousel.min.js]
[duruthemes.com/demo/html/ovon/multipage-parallax/js/jquery.magnific-popup.min.js]
[duruthemes.com/demo/html/ovon/multipage-parallax/js/smooth-scroll.min.js]
[duruthemes.com/demo/html/ovon/multipage-parallax/index.html]
[duruthemes.com/demo/html/ovon/multipage-parallax/css/bootstrap.min.css]
[duruthemes.com/demo/html/ovon/multipage-parallax/css/animate.css]
[duruthemes.com/demo/html/ovon/multipage-parallax/js/main.js]
[duruthemes.com/demo/html/ovon/multipage-parallax/fonts/themify.eot]
[duruthemes.com/demo/html/ovon/multipage-parallax/fonts/themifyd41d.eot]
[duruthemes.com/demo/html/ovon/multipage-parallax/fonts/themify.woff]
[duruthemes.com/demo/html/ovon/multipage-parallax/fonts/themify.ttf]
[duruthemes.com/demo/html/ovon/multipage-parallax/css/themify-icons.css]
[duruthemes.com/demo/html/ovon/multipage-parallax/fonts/themify.svg]
[duruthemes.com/demo/html/ovon/multipage-parallax/fonts/Flaticon.eot]
[duruthemes.com/demo/html/ovon/multipage-parallax/fonts/Flaticond41d.eot]
[duruthemes.com/demo/html/ovon/multipage-parallax/fonts/Flaticon.woff]
[duruthemes.com/demo/html/ovon/multipage-parallax/fonts/Flaticon.ttf]
[duruthemes.com/demo/html/ovon/multipage-parallax/css/flaticon.css]
[duruthemes.com/demo/html/ovon/multipage-parallax/css/magnific-popup.css]
[duruthemes.com/demo/html/ovon/multipage-parallax/fonts/Flaticon.svg]
[duruthemes.com/demo/html/ovon/multipage-parallax/css/owl.carousel.css]
[duruthemes.com/demo/html/ovon/multipage-parallax/css/owl.theme.default.min.css]
[duruthemes.com/demo/html/ovon/multipage-parallax/css/style.css]
[duruthemes.com/demo/html/ovon/multipage-parallax/img/team/3.jpg]
[duruthemes.com/demo/html/ovon/multipage-parallax/img/team/2.jpg]
[duruthemes.com/demo/html/ovon/multipage-parallax/img/team/1.jpg]
[duruthemes.com/demo/html/ovon/multipage-parallax/about.html]
[duruthemes.com/demo/html/ovon/multipage-parallax/services.html]
[duruthemes.com/demo/html/ovon/multipage-parallax/portfolio.html]
[duruthemes.com/demo/html/ovon/multipage-parallax/team.html]
[duruthemes.com/demo/html/ovon/multipage-parallax/img/pricing/a.jpg]
[duruthemes.com/demo/html/ovon/multipage-parallax/img/pricing/b.jpg]
[duruthemes.com/demo/html/ovon/multipage-parallax/pricing.html]
[duruthemes.com/demo/html/ovon/multipage-parallax/img/services/g1.jpg]
[duruthemes.com/demo/html/ovon/multipage-parallax/img/services/g2.jpg]
[duruthemes.com/demo/html/ovon/multipage-parallax/img/services/g3.jpg]
[duruthemes.com/demo/html/ovon/multipage-parallax/img/services/g4.jpg]
[duruthemes.com/demo/html/ovon/multipage-parallax/img/services/g5.jpg]
[duruthemes.com/demo/html/ovon/multipage-parallax/img/services/g6.jpg]
[duruthemes.com/demo/html/ovon/multipage-parallax/eye-makeup.html]
[duruthemes.com/demo/html/ovon/multipage-parallax/img/team/5.png]
[duruthemes.com/demo/html/ovon/multipage-parallax/img/team/6.png]
[duruthemes.com/demo/html/ovon/multipage-parallax/img/team/7.png]
[duruthemes.com/demo/html/ovon/multipage-parallax/post.html]
[duruthemes.com/demo/html/ovon/multipage-parallax/img/404-image.png]
[duruthemes.com/demo/html/ovon/multipage-parallax/404.html]
[duruthemes.com/demo/html/ovon/multipage-parallax/coming-soon.html]
[duruthemes.com/demo/html/ovon/multipage-parallax/blog.html]
[duruthemes.com/demo/html/ovon/multipage-parallax/contact.html]
[duruthemes.com/demo/html/ovon/multipage-parallax/hair-makeup.html]
[duruthemes.com/demo/html/ovon/multipage-parallax/face-makeup.html]
[duruthemes.com/demo/html/ovon/multipage-parallax/bridal-makeup.html]
[duruthemes.com/demo/html/ovon/multipage-parallax/child-face-painting.html]
[duruthemes.com/demo/html/ovon/multipage-parallax/fashion-makeup.html]
[duruthemes.com/demo/html/ovon/multipage-parallax/fantastic-makeup.html]
[duruthemes.com/demo/html/ovon/multipage-parallax/effect-makeup.html]
[duruthemes.com/demo/html/ovon/multipage-parallax/post2.html]
[duruthemes.com/demo/html/ovon/multipage-parallax/post3.html]
[duruthemes.com/demo/html/ovon/multipage-parallax/post4.html]
[duruthemes.com/demo/html/ovon/multipage-parallax/post5.html]
[duruthemes.com/demo/html/ovon/multipage-parallax/post6.html]
[duruthemes.com/demo/html/ovon/multipage-parallax/fonts/themify.svg]
[duruthemes.com/demo/html/ovon/multipage-parallax/fonts/Flaticon.svg]
[duruthemes.com/demo/html/ovon/multipage-parallax/css/owl.video.play.html]
